WARN: DSL 2 IS AN EXPERIMENTAL FEATURE UNDER DEVELOPMENT -- SYNTAX MAY CHANGE IN FUTURE RELEASE
Aoba1>
SPVWGQGNKTQAECWEGNHNYGLVRLKEGKTISLTNDGSAVFDYLAVFLN
NVPTIYN
Bscy1>
YGEKDNLRAWWWEIEDEDERHIITMCDGEKMPLEDDNQPEYDWLAYIVGK
PYLGLLNRPV
thp1>
GIEEPRAEQGDSFGLAVLSGKNVTLIDGLHLDIDEEREKKYDYLARYQYG
PSIKKRGIYEVYTGPFDGREGTTENYGNLW
eiv1>
IRELAAVPYIQVSGPHAESEVAYGEPTLNTCYWGVIQGQWAAGSKKRVRD
N
Avhi1>
DRIIKAKRRPVVKIDSNDQIVVAGEGKWLLKAPGKWVPDRSDRYYVRFN

