WARN: The channel `create` method is deprecated -- it will be removed in a future release
cba
hello
olleh
hello

