>1 dna:chromosome chromosome:Galgal4:1:48849500:49020500:1
TGAAGCTTATCGTGTACTCTGTCTTCAGAAGCACAAGGACAATTAACATTCAATAGCAAG
GTCCTGTATTTATTTGTCTGAATAAATAAATAAGCATAATATATAATAAATAAATACTAT
TCAGCCTCTCACCAATAACAATAGTACCCACGCACATATTGCATAATTACAAAACATCCT
GACAGATCTGTGTGGGTGATAGACCAGAAATACCAGCTCAAATTAACTCTACAAAGAACT
ATATCATGGAACTTAGTGAAAAGTGATTTTTGGTTCCTGATTCTATGGCGCTTTGTTCTG
ACCTCTGTTTCATTGGATAATAAACAACCAGACTAGATTAAACAGTGTGTATTTGAAACA
GAAAATCAGTATAGACTTCCTGATTGAAATCTATTCTCAATCTTCTGGAATGCTCAAAGA
TACTCAGGAATAGAAATTGGAAGAGCAAAAATATCGACAAATTTGTTCCATGAGCTCCCT
CAACCTTTGTAAGATTACTCTCTGTGCAGTAGTTTTCTAGTCCTTTTTCAGTGGTTGATG
