absoluteExternalPath TRUE
absoluteInternalPath TRUE
absoluteInternalPathInDir TRUE
linkInFolder TRUE
relativeExternalPath TRUE
relativeInternalPath TRUE
relativeInternalPathBothInDir TRUE
relativeInternalPathFileBothInDirButMoved TRUE
relativeInternalPathInDir TRUE
