




# This protein has 0 bactericidal stretches 
# This protein has 0 bactericidal stretches 
# This protein has 0 bactericidal stretches 
# This protein has 0 bactericidal stretches 
# This protein has 0 bactericidal stretches 
# This protein has a mean antimicrobial value of 0.235 
# This protein has a mean antimicrobial value of 0.25 
# This protein has a mean antimicrobial value of 0.251 
# This protein has a mean antimicrobial value of 0.266 
# This protein has a mean antimicrobial value of 0.28 
